Microchip MPLAB XC8 Compiler V2.05 ()

Linker command line:

-W-3 --edf=C:\Program Files (x86)\Microchip\xc8\v2.05\pic\dat\en_msgs.txt \
  -cs -h+dist/default/production\reloj_4_seg.X.production.sym \
  --cmf=dist/default/production\reloj_4_seg.X.production.cmf -z -Q16F628A \
  -oC:\Users\mact3\AppData\Local\Temp\sgdg.2 --defsym=__MPLAB_BUILD=1 \
  -Mdist/default/production/reloj_4_seg.X.production.map -E1 -ver=XC8 \
  --acfsm=1493 -ASTACK=0A0h-0EFh -pstack=STACK -ACODE=00h-07FFh \
  -ASTRCODE=00h-07FFh -ASTRING=00h-0FFhx8 -ACONST=00h-0FFhx8 \
  -AENTRY=00h-0FFhx8 -ACOMMON=070h-07Fh -ABANK0=020h-06Fh -ABANK1=0A0h-0EFh \
  -ABANK2=0120h-014Fh -ARAM=020h-06Fh,0A0h-0EFh,0120h-014Fh \
  -AABS1=020h-07Fh,0A0h-0EFh,0120h-014Fh -ASFR0=00h-01Fh -ASFR1=080h-09Fh \
  -ASFR2=0100h-011Fh -ASFR3=0180h-01EFh \
  -preset_vec=00h,intentry,init,end_init -ppowerup=CODE -pcinit=CODE \
  -pfunctab=ENTRY -ACONFIG=02007h-02007h -pconfig=CONFIG -DCONFIG=2 \
  -AIDLOC=02000h-02003h -pidloc=IDLOC -DIDLOC=2 -AEEDATA=00h-07Fh/02100h \
  -peeprom_data=EEDATA -DEEDATA=2 -DCODE=2 -DSTRCODE=2 -DSTRING=2 -DCONST=2 \
  -DENTRY=2 -k C:\Users\mact3\AppData\Local\Temp\sgdg.o \
  dist/default/production\reloj_4_seg.X.production.o 

Object code version is 3.11

Machine type is 16F628A



                Name                               Link     Load   Length Selector   Space Scale
C:\Users\mact3\AppData\Local\Temp\sgdg.o
                end_init                              0        0        1        0       0
                config                             2007     2007        1     400E       0
dist/default/production\reloj_4_seg.X.production.o
                cinit                               7E9      7E9       17      FD2       0
                text4                               5C7      5C7       3C      B8E       0
                text3                               64A      64A       AF      C94       0
                text2                               5B7      5B7       10      B6E       0
                text1                               6F9      6F9       F0      DF2       0
                maintext                            603      603       47      C06       0
                cstackBANK0                          2E       2E        1       20       1
                cstackCOMMON                         70       70        E       70       1
                dataBANK0                            27       27        7       20       1
                bssBANK0                             20       20        7       20       1
                idataBANK0                          5B0      5B0        7      B60       0

TOTAL           Name                               Link     Load   Length     Space
        CLASS   STACK          

        CLASS   CODE           
                end_init                              0        0        1         0
                cinit                               7E9      7E9       17         0
                text4                               5C7      5C7       3C         0
                text3                               64A      64A       AF         0
                text2                               5B7      5B7       10         0
                text1                               6F9      6F9       F0         0
                maintext                            603      603       47         0
                idataBANK0                          5B0      5B0        7         0

        CLASS   STRCODE        

        CLASS   STRING         

        CLASS   CONST          

        CLASS   ENTRY          

        CLASS   COMMON         
                cstackCOMMON                         70       70        E         1

        CLASS   BANK0          
                cstackBANK0                          2E       2E        1         1
                dataBANK0                            27       27        7         1
                bssBANK0                             20       20        7         1

        CLASS   BANK1          

        CLASS   BANK2          

        CLASS   RAM            

        CLASS   ABS1           
                abs_s1                               7E       7E        2         1

        CLASS   SFR0           

        CLASS   SFR1           

        CLASS   SFR2           

        CLASS   SFR3           

        CLASS   CONFIG         
                config                             2007     2007        1         0

        CLASS   IDLOC          

        CLASS   EEDATA         

        CLASS   BANK3          



SEGMENTS        Name                           Load    Length   Top    Selector   Space  Class     Delta

                reset_vec                      000000  000001  000001         0       0  CODE        2
                bssBANK0                       000020  00000F  00002F        20       1  BANK0       1
                cstackCOMMON                   000070  00000E  00007E        70       1  COMMON      1
                idataBANK0                     0005B0  000007  0005B7       B60       0  CODE        2
                text2                          0005B7  000010  0005C7       B6E       0  CODE        2
                text4                          0005C7  00003C  000603       B8E       0  CODE        2
                maintext                       000603  000047  00064A       C06       0  CODE        2
                text3                          00064A  0000AF  0006F9       C94       0  CODE        2
                text1                          0006F9  0000F0  0007E9       DF2       0  CODE        2
                cinit                          0007E9  000017  000800       FD2       0  CODE        2
                config                         002007  000001  002008      400E       0  CONFIG      2


UNUSED ADDRESS RANGES

        Name                Unused          Largest block    Delta
        BANK0            002F-006F             41           1
        BANK1            00A0-00EF             50           1
        BANK2            0120-014F             30           1
        CODE             0001-05AF            5AF           2
        CONST            0001-05AF            100           2
        EEDATA           2100-217F             80           2
        ENTRY            0001-05AF            100           2
        IDLOC            2000-2003              4           2
        RAM              002F-006F             41           1
                         00A0-00EF             50
                         0120-014F             30
        SFR0             0000-001F             20           1
        SFR1             0080-009F             20           1
        SFR2             0100-011F             20           1
        SFR3             0180-01EF             70           1
        STACK            00A0-00EF             50           1
        STRCODE          0001-05AF            5AF           2
        STRING           0001-05AF            100           2

                                  Symbol Table

?___lwdiv                cstackCOMMON 0070
_OPTION_REG              (abs)        0081
_PORTB                   (abs)        0006
_RB0                     (abs)        0030
_RB1                     (abs)        0031
_RB2                     (abs)        0032
_RB3                     (abs)        0033
_RB4                     (abs)        0034
_RB5                     (abs)        0035
_RB6                     (abs)        0036
_RB7                     (abs)        0037
_TMR0                    (abs)        0001
_TRISB                   (abs)        0086
__CFG_BOREN$OFF          (abs)        0000
__CFG_CP$OFF             (abs)        0000
__CFG_CPD$OFF            (abs)        0000
__CFG_FOSC$INTOSCCLK     (abs)        0000
__CFG_LVP$OFF            (abs)        0000
__CFG_MCLRE$OFF          (abs)        0000
__CFG_PWRTE$ON           (abs)        0000
__CFG_WDTE$OFF           (abs)        0000
__Habs1                  abs1         0000
__Hbank0                 bank0        0000
__Hbank1                 bank1        0000
__Hbank2                 bank2        0000
__Hbank3                 bank3        0000
__HbssBANK0              bssBANK0     0000
__Hcinit                 cinit        0800
__Hclrtext               clrtext      0000
__Hcode                  code         0000
__Hcommon                common       0000
__Hconfig                config       2008
__HcstackBANK0           cstackBANK0  0000
__HcstackCOMMON          cstackCOMMON 0000
__HdataBANK0             dataBANK0    0000
__Heeprom_data           eeprom_data  0000
__Hend_init              end_init     0001
__Hfunctab               functab      0000
__HidataBANK0            idataBANK0   0000
__Hidloc                 idloc        0000
__Hinit                  init         0000
__Hintentry              intentry     0000
__Hmaintext              maintext     0000
__Hpowerup               powerup      0000
__Hram                   ram          0000
__Hreset_vec             reset_vec    0000
__Hsfr0                  sfr0         0000
__Hsfr1                  sfr1         0000
__Hsfr2                  sfr2         0000
__Hsfr3                  sfr3         0000
__Hspace_0               (abs)        2008
__Hspace_1               (abs)        007E
__Hspace_2               (abs)        0000
__Hspace_3               (abs)        0000
__Hstack                 stack        0000
__Hstrings               strings      0000
__Htext                  text         0000
__Labs1                  abs1         0000
__Lbank0                 bank0        0000
__Lbank1                 bank1        0000
__Lbank2                 bank2        0000
__Lbank3                 bank3        0000
__LbssBANK0              bssBANK0     0000
__Lcinit                 cinit        07E9
__Lclrtext               clrtext      0000
__Lcode                  code         0000
__Lcommon                common       0000
__Lconfig                config       2007
__LcstackBANK0           cstackBANK0  0000
__LcstackCOMMON          cstackCOMMON 0000
__LdataBANK0             dataBANK0    0000
__Leeprom_data           eeprom_data  0000
__Lend_init              end_init     0000
__Lfunctab               functab      0000
__LidataBANK0            idataBANK0   0000
__Lidloc                 idloc        0000
__Linit                  init         0000
__Lintentry              intentry     0000
__Lmaintext              maintext     0000
__Lpowerup               powerup      0000
__Lram                   ram          0000
__Lreset_vec             reset_vec    0000
__Lsfr0                  sfr0         0000
__Lsfr1                  sfr1         0000
__Lsfr2                  sfr2         0000
__Lsfr3                  sfr3         0000
__Lspace_0               (abs)        0000
__Lspace_1               (abs)        0000
__Lspace_2               (abs)        0000
__Lspace_3               (abs)        0000
__Lstack                 stack        0000
__Lstrings               strings      0000
__Ltext                  text         0000
__S0                     (abs)        2008
__S1                     (abs)        007E
__S2                     (abs)        0000
__S3                     (abs)        0000
___int_sp                stack        0000
___latbits               (abs)        0000
___lwdiv                 text4        05C7
___lwdiv@counter         cstackCOMMON 0077
___lwdiv@dividend        cstackCOMMON 0072
___lwdiv@divisor         cstackCOMMON 0070
___lwdiv@quotient        cstackCOMMON 0075
___sp                    stack        0000
___stackhi               (abs)        0000
___stacklo               (abs)        0000
__end_of___lwdiv         text4        0603
__end_of__initialization cinit        07FE
__end_of_addMinute       text3        06F9
__end_of_main            maintext     064A
__end_of_writeBit        text2        05C7
__end_of_writeNumber     text1        07E9
__initialization         cinit        07E9
__pbssBANK0              bssBANK0     0020
__pcstackBANK0           cstackBANK0  002E
__pcstackCOMMON          cstackCOMMON 0070
__pdataBANK0             dataBANK0    0027
__pidataBANK0            idataBANK0   05B0
__pmaintext              maintext     0603
__ptext1                 text1        06F9
__ptext2                 text2        05B7
__ptext3                 text3        064A
__ptext4                 text4        05C7
__size_of___lwdiv        (abs)        0000
__size_of_addMinute      (abs)        0000
__size_of_main           (abs)        0000
__size_of_writeBit       (abs)        0000
__size_of_writeNumber    (abs)        0000
_acum                    dataBANK0    0027
_addMinute               text3        064A
_ant                     bssBANK0     0024
_blink                   bssBANK0     0025
_cnt                     bssBANK0     0022
_h1                      dataBANK0    002D
_h2                      bssBANK0     0026
_m1                      dataBANK0    002C
_m2                      dataBANK0    002B
_main                    maintext     0603
_suma                    bssBANK0     0020
_tiempo                  dataBANK0    0029
_writeBit                text2        05B7
_writeNumber             text1        06F9
btemp                    (abs)        007E
end_of_initialization    cinit        07FE
intlevel0                functab      0000
intlevel1                functab      0000
intlevel2                functab      0000
intlevel3                functab      0000
intlevel4                functab      0000
intlevel5                functab      0000
reset_vec                reset_vec    0000
start                    init         0000
start_initialization     cinit        07E9
writeBit@_bit            cstackCOMMON 0070
writeNumber@num          cstackCOMMON 007D
writeNumber@point        cstackCOMMON 007A
wtemp0                   (abs)        007E


FUNCTION INFORMATION:

 *************** function _main *****************
 Defined at:
		line 200 in file "main.c"
 Parameters:    Size  Location     Type
		None
 Auto vars:     Size  Location     Type
		None
 Return value:  Size  Location     Type
                  1    wreg      void 
 Registers used:
		wreg, fsr0l, fsr0h, status,2, status,0, pclath, cstack
 Tracked objects:
		On entry : 
		On exit  : 
		Unchanged: 
 Data sizes:     COMMON   BANK0   BANK1   BANK2
      Params:         0       0       0       0
      Locals:         0       0       0       0
      Temps:          0       1       0       0
      Totals:         0       1       0       0
Total ram usage:        1 bytes
 Hardware stack levels required when called:    3
 This function calls:
		_writeNumber
 This function is called by:
		Startup code after reset
 This function uses a non-reentrant model


 *************** function _writeNumber *****************
 Defined at:
		line 80 in file "main.c"
 Parameters:    Size  Location     Type
  num             1    wreg     unsigned char 
  point           1   10[COMMON] unsigned char 
 Auto vars:     Size  Location     Type
  num             1   13[COMMON] unsigned char 
 Return value:  Size  Location     Type
                  1    wreg      void 
 Registers used:
		wreg, fsr0l, fsr0h, status,2, status,0, pclath, cstack
 Tracked objects:
		On entry : 
		On exit  : 
		Unchanged: 
 Data sizes:     COMMON   BANK0   BANK1   BANK2
      Params:         1       0       0       0
      Locals:         1       0       0       0
      Temps:          2       0       0       0
      Totals:         4       0       0       0
Total ram usage:        4 bytes
 Hardware stack levels used:    1
 Hardware stack levels required when called:    2
 This function calls:
		_addMinute
		_writeBit
 This function is called by:
		_main
 This function uses a non-reentrant model


 *************** function _writeBit *****************
 Defined at:
		line 26 in file "main.c"
 Parameters:    Size  Location     Type
  _bit            1    wreg     unsigned char 
 Auto vars:     Size  Location     Type
  _bit            1    0[COMMON] unsigned char 
 Return value:  Size  Location     Type
                  1    wreg      void 
 Registers used:
		wreg
 Tracked objects:
		On entry : 
		On exit  : 
		Unchanged: 
 Data sizes:     COMMON   BANK0   BANK1   BANK2
      Params:         0       0       0       0
      Locals:         1       0       0       0
      Temps:          0       0       0       0
      Totals:         1       0       0       0
Total ram usage:        1 bytes
 Hardware stack levels used:    1
 This function calls:
		Nothing
 This function is called by:
		_writeNumber
 This function uses a non-reentrant model


 *************** function _addMinute *****************
 Defined at:
		line 34 in file "main.c"
 Parameters:    Size  Location     Type
		None
 Auto vars:     Size  Location     Type
		None
 Return value:  Size  Location     Type
                  1    wreg      void 
 Registers used:
		wreg, status,2, status,0, pclath, cstack
 Tracked objects:
		On entry : 
		On exit  : 
		Unchanged: 
 Data sizes:     COMMON   BANK0   BANK1   BANK2
      Params:         0       0       0       0
      Locals:         0       0       0       0
      Temps:          2       0       0       0
      Totals:         2       0       0       0
Total ram usage:        2 bytes
 Hardware stack levels used:    1
 Hardware stack levels required when called:    1
 This function calls:
		___lwdiv
 This function is called by:
		_writeNumber
 This function uses a non-reentrant model


 *************** function ___lwdiv *****************
 Defined at:
		line 5 in file "C:\Program Files (x86)\Microchip\xc8\v2.05\pic\sources\c90\common\lwdiv.c"
 Parameters:    Size  Location     Type
  divisor         2    0[COMMON] unsigned int 
  dividend        2    2[COMMON] unsigned int 
 Auto vars:     Size  Location     Type
  quotient        2    5[COMMON] unsigned int 
  counter         1    7[COMMON] unsigned char 
 Return value:  Size  Location     Type
                  2    0[COMMON] unsigned int 
 Registers used:
		wreg, status,2, status,0
 Tracked objects:
		On entry : 
		On exit  : 
		Unchanged: 
 Data sizes:     COMMON   BANK0   BANK1   BANK2
      Params:         4       0       0       0
      Locals:         3       0       0       0
      Temps:          1       0       0       0
      Totals:         8       0       0       0
Total ram usage:        8 bytes
 Hardware stack levels used:    1
 This function calls:
		Nothing
 This function is called by:
		_addMinute
 This function uses a non-reentrant model



MODULE INFORMATION

Module		Function		Class		Link	Load	Size
C:\Program Files (x86)\Microchip\xc8\v2.05\pic\sources\c90\common\lwdiv.c
		___lwdiv       		CODE           	05C7	0000	61

C:\Program Files (x86)\Microchip\xc8\v2.05\pic\sources\c90\common\lwdiv.c estimated size: 61

shared
		__initialization		CODE           	07E9	0000	22

shared estimated size: 22

main.c
		_writeNumber   		CODE           	06F9	0000	241
		_main          		CODE           	0603	0000	72
		_addMinute     		CODE           	064A	0000	176
		_writeBit      		CODE           	05B7	0000	17

main.c estimated size: 506

