Microchip MPLAB XC8 Compiler V2.05 ()

Linker command line:

-W-3 --edf=C:\Program Files (x86)\Microchip\xc8\v2.05\pic\dat\en_msgs.txt \
  -cs -h+dist/default/production\reloj_4_seg.X.production.sym \
  --cmf=dist/default/production\reloj_4_seg.X.production.cmf -z -Q16F628A \
  -oC:\Users\mact3\AppData\Local\Temp\sclg.2 --defsym=__MPLAB_BUILD=1 \
  -Mdist/default/production/reloj_4_seg.X.production.map -E1 -ver=XC8 \
  --acfsm=1493 -ASTACK=0A0h-0EFh -pstack=STACK -ACODE=00h-07FFh \
  -ASTRCODE=00h-07FFh -ASTRING=00h-0FFhx8 -ACONST=00h-0FFhx8 \
  -AENTRY=00h-0FFhx8 -ACOMMON=070h-07Fh -ABANK0=020h-06Fh -ABANK1=0A0h-0EFh \
  -ABANK2=0120h-014Fh -ARAM=020h-06Fh,0A0h-0EFh,0120h-014Fh \
  -AABS1=020h-07Fh,0A0h-0EFh,0120h-014Fh -ASFR0=00h-01Fh -ASFR1=080h-09Fh \
  -ASFR2=0100h-011Fh -ASFR3=0180h-01EFh \
  -preset_vec=00h,intentry,init,end_init -ppowerup=CODE -pcinit=CODE \
  -pfunctab=ENTRY -ACONFIG=02007h-02007h -pconfig=CONFIG -DCONFIG=2 \
  -AIDLOC=02000h-02003h -pidloc=IDLOC -DIDLOC=2 -AEEDATA=00h-07Fh/02100h \
  -peeprom_data=EEDATA -DEEDATA=2 -DCODE=2 -DSTRCODE=2 -DSTRING=2 -DCONST=2 \
  -DENTRY=2 -k C:\Users\mact3\AppData\Local\Temp\sclg.o \
  dist/default/production\reloj_4_seg.X.production.o 

Object code version is 3.11

Machine type is 16F628A



                Name                               Link     Load   Length Selector   Space Scale
C:\Users\mact3\AppData\Local\Temp\sclg.o
                end_init                              0        0        1        0       0
                config                             2007     2007        1     400E       0
dist/default/production\reloj_4_seg.X.production.o
                cinit                               7FC      7FC        4      FF8       0
                text5                               5F3      5F3       26      BE6       0
                text4                               5D8      5D8        B      BB0       0
                text3                               673      673       99      CE6       0
                text2                               5E3      5E3       10      BC6       0
                text1                               70C      70C       F0      E18       0
                maintext                            619      619       5A      C32       0
                cstackCOMMON                         70       70        C       70       1
                bssBANK0                             26       26        2       20       1
                nvBANK0                              20       20        6       20       1
                nvCOMMON                             7C       7C        2       70       1
                idataEEDATA                           0     2100        1     4200       3

TOTAL           Name                               Link     Load   Length     Space
        CLASS   STACK          

        CLASS   CODE           
                end_init                              0        0        1         0
                cinit                               7FC      7FC        4         0
                text5                               5F3      5F3       26         0
                text4                               5D8      5D8        B         0
                text3                               673      673       99         0
                text2                               5E3      5E3       10         0
                text1                               70C      70C       F0         0
                maintext                            619      619       5A         0

        CLASS   STRCODE        

        CLASS   STRING         

        CLASS   CONST          

        CLASS   ENTRY          

        CLASS   COMMON         
                cstackCOMMON                         70       70        C         1
                nvCOMMON                             7C       7C        2         1

        CLASS   BANK0          
                bssBANK0                             26       26        2         1
                nvBANK0                              20       20        6         1

        CLASS   BANK1          

        CLASS   BANK2          

        CLASS   RAM            

        CLASS   ABS1           
                abs_s1                               7E       7E        2         1

        CLASS   SFR0           

        CLASS   SFR1           

        CLASS   SFR2           

        CLASS   SFR3           

        CLASS   CONFIG         
                config                             2007     2007        1         0

        CLASS   IDLOC          

        CLASS   EEDATA         
                idataEEDATA                           0     2100        1         3

        CLASS   BANK3          



SEGMENTS        Name                           Load    Length   Top    Selector   Space  Class     Delta

                reset_vec                      000000  000001  000001         0       0  CODE        2
                nvBANK0                        000020  000008  000028        20       1  BANK0       1
                cstackCOMMON                   000070  00000E  00007E        70       1  COMMON      1
                text4                          0005D8  00000B  0005E3       BB0       0  CODE        2
                text2                          0005E3  000010  0005F3       BC6       0  CODE        2
                text5                          0005F3  000026  000619       BE6       0  CODE        2
                maintext                       000619  00005A  000673       C32       0  CODE        2
                text3                          000673  000099  00070C       CE6       0  CODE        2
                text1                          00070C  0000F0  0007FC       E18       0  CODE        2
                cinit                          0007FC  000004  000800       FF8       0  CODE        2
                config                         002007  000001  002008      400E       0  CONFIG      2
                idataEEDATA                    002100  000001  002101      4200       3  EEDATA      2


UNUSED ADDRESS RANGES

        Name                Unused          Largest block    Delta
        BANK0            0028-006F             48           1
        BANK1            00A0-00EF             50           1
        BANK2            0120-014F             30           1
        CODE             0001-05D7            5D7           2
        CONST            0001-05D7            100           2
        EEDATA           2101-217F             7F           2
        ENTRY            0001-05D7            100           2
        IDLOC            2000-2003              4           2
        RAM              0028-006F             48           1
                         00A0-00EF             50
                         0120-014F             30
        SFR0             0000-001F             20           1
        SFR1             0080-009F             20           1
        SFR2             0100-011F             20           1
        SFR3             0180-01EF             70           1
        STACK            00A0-00EF             50           1
        STRCODE          0001-05D7            5D7           2
        STRING           0001-05D7            100           2

                                  Symbol Table

_EEADR                   (abs)        009B
_EECON1                  (abs)        009C
_EECON1bits              (abs)        009C
_EEDATA                  (abs)        009A
_OPTION_REG              (abs)        0081
_PORTB                   (abs)        0006
_RB1                     (abs)        0031
_RB2                     (abs)        0032
_RB3                     (abs)        0033
_RB4                     (abs)        0034
_RB5                     (abs)        0035
_RB6                     (abs)        0036
_RB7                     (abs)        0037
_TMR0                    (abs)        0001
_TRISB                   (abs)        0086
__CFG_BOREN$OFF          (abs)        0000
__CFG_CP$OFF             (abs)        0000
__CFG_CPD$OFF            (abs)        0000
__CFG_FOSC$INTOSCCLK     (abs)        0000
__CFG_LVP$OFF            (abs)        0000
__CFG_MCLRE$OFF          (abs)        0000
__CFG_PWRTE$ON           (abs)        0000
__CFG_WDTE$OFF           (abs)        0000
__Habs1                  abs1         0000
__Hbank0                 bank0        0000
__Hbank1                 bank1        0000
__Hbank2                 bank2        0000
__Hbank3                 bank3        0000
__HbssBANK0              bssBANK0     0000
__Hcinit                 cinit        0800
__Hclrtext               clrtext      0000
__Hcode                  code         0000
__Hcommon                common       0000
__Hconfig                config       2008
__HcstackCOMMON          cstackCOMMON 0000
__HdataEEDATA            dataEEDATA   0000
__Heeprom_data           eeprom_data  0000
__Hend_init              end_init     0001
__Hfunctab               functab      0000
__HidataEEDATA           idataEEDATA  0000
__Hidloc                 idloc        0000
__Hinit                  init         0000
__Hintentry              intentry     0000
__Hmaintext              maintext     0000
__HnvBANK0               nvBANK0      0000
__HnvCOMMON              nvCOMMON     0000
__Hpowerup               powerup      0000
__Hram                   ram          0000
__Hreset_vec             reset_vec    0000
__Hsfr0                  sfr0         0000
__Hsfr1                  sfr1         0000
__Hsfr2                  sfr2         0000
__Hsfr3                  sfr3         0000
__Hspace_0               (abs)        2008
__Hspace_1               (abs)        007E
__Hspace_2               (abs)        0000
__Hspace_3               (abs)        0001
__Hstack                 stack        0000
__Hstrings               strings      0000
__Htext                  text         0000
__Labs1                  abs1         0000
__Lbank0                 bank0        0000
__Lbank1                 bank1        0000
__Lbank2                 bank2        0000
__Lbank3                 bank3        0000
__LbssBANK0              bssBANK0     0000
__Lcinit                 cinit        07FC
__Lclrtext               clrtext      0000
__Lcode                  code         0000
__Lcommon                common       0000
__Lconfig                config       2007
__LcstackCOMMON          cstackCOMMON 0000
__LdataEEDATA            dataEEDATA   0000
__Leeprom_data           eeprom_data  0000
__Lend_init              end_init     0000
__Lfunctab               functab      0000
__LidataEEDATA           idataEEDATA  0000
__Lidloc                 idloc        0000
__Linit                  init         0000
__Lintentry              intentry     0000
__Lmaintext              maintext     0000
__LnvBANK0               nvBANK0      0000
__LnvCOMMON              nvCOMMON     0000
__Lpowerup               powerup      0000
__Lram                   ram          0000
__Lreset_vec             reset_vec    0000
__Lsfr0                  sfr0         0000
__Lsfr1                  sfr1         0000
__Lsfr2                  sfr2         0000
__Lsfr3                  sfr3         0000
__Lspace_0               (abs)        0000
__Lspace_1               (abs)        0000
__Lspace_2               (abs)        0000
__Lspace_3               (abs)        0000
__Lstack                 stack        0000
__Lstrings               strings      0000
__Ltext                  text         0000
__S0                     (abs)        2008
__S1                     (abs)        007E
__S2                     (abs)        0000
__S3                     (abs)        2101
___eecpymem              text5        05F3
___eecpymem@cp           cstackCOMMON 0073
___eecpymem@from         cstackCOMMON 0070
___eecpymem@size         cstackCOMMON 0071
___eecpymem@to           cstackCOMMON 0074
___eetoc                 text4        05D8
___eetoc@addr            cstackCOMMON 0076
___eetoc@data            cstackCOMMON 0077
___int_sp                stack        0000
___latbits               (abs)        0000
___sp                    stack        0000
___stackhi               (abs)        0000
___stacklo               (abs)        0000
__end_of___eecpymem      text5        0619
__end_of___eetoc         text4        05E3
__end_of__initialization cinit        07FE
__end_of_addMinute       text3        070C
__end_of_main            maintext     0673
__end_of_writeBit        text2        05F3
__end_of_writeNumber     text1        07FC
__initialization         cinit        07FC
__pbssBANK0              bssBANK0     0026
__pcstackCOMMON          cstackCOMMON 0070
__pdataEEDATA            dataEEDATA   0000
__pidataEEDATA           idataEEDATA  0000
__pmaintext              maintext     0619
__pnvBANK0               nvBANK0      0020
__pnvCOMMON              nvCOMMON     007C
__ptext1                 text1        070C
__ptext2                 text2        05E3
__ptext3                 text3        0673
__ptext4                 text4        05D8
__ptext5                 text5        05F3
__size_of___eecpymem     (abs)        0000
__size_of___eetoc        (abs)        0000
__size_of_addMinute      (abs)        0000
__size_of_main           (abs)        0000
__size_of_writeBit       (abs)        0000
__size_of_writeNumber    (abs)        0000
_addMinute               text3        0673
_cnt                     bssBANK0     0026
_h1                      nvBANK0      0024
_h2                      nvCOMMON     007C
_m1                      nvBANK0      0022
_m2                      nvBANK0      0020
_main                    maintext     0619
_timer0                  idataEEDATA  0000
_writeBit                text2        05E3
_writeNumber             text1        070C
btemp                    (abs)        007E
end_of_initialization    cinit        07FE
intlevel0                functab      0000
intlevel1                functab      0000
intlevel2                functab      0000
intlevel3                functab      0000
intlevel4                functab      0000
intlevel5                functab      0000
reset_vec                reset_vec    0000
start                    init         0000
start_initialization     cinit        07FC
writeBit@_bit            cstackCOMMON 0070
writeNumber@num          cstackCOMMON 007B
writeNumber@point        cstackCOMMON 0078
wtemp0                   (abs)        007E


FUNCTION INFORMATION:

 *************** function _main *****************
 Defined at:
		line 179 in file "main.c"
 Parameters:    Size  Location     Type
		None
 Auto vars:     Size  Location     Type
		None
 Return value:  Size  Location     Type
                  1    wreg      void 
 Registers used:
		wreg, fsr0l, fsr0h, status,2, status,0, btemp+1, pclath, cstack
 Tracked objects:
		On entry : 
		On exit  : 
		Unchanged: 
 Data sizes:     COMMON   BANK0   BANK1   BANK2
      Params:         0       0       0       0
      Locals:         0       0       0       0
      Temps:          0       0       0       0
      Totals:         0       0       0       0
Total ram usage:        0 bytes
 Hardware stack levels required when called:    4
 This function calls:
		___eetoc
		_writeNumber
 This function is called by:
		Startup code after reset
 This function uses a non-reentrant model


 *************** function _writeNumber *****************
 Defined at:
		line 59 in file "main.c"
 Parameters:    Size  Location     Type
  num             1    wreg     unsigned char 
  point           1    8[COMMON] unsigned char 
 Auto vars:     Size  Location     Type
  num             1   11[COMMON] unsigned char 
 Return value:  Size  Location     Type
                  1    wreg      void 
 Registers used:
		wreg, fsr0l, fsr0h, status,2, status,0, btemp+1, pclath, cstack
 Tracked objects:
		On entry : 
		On exit  : 
		Unchanged: 
 Data sizes:     COMMON   BANK0   BANK1   BANK2
      Params:         1       0       0       0
      Locals:         1       0       0       0
      Temps:          2       0       0       0
      Totals:         4       0       0       0
Total ram usage:        4 bytes
 Hardware stack levels used:    1
 Hardware stack levels required when called:    3
 This function calls:
		_addMinute
		_writeBit
 This function is called by:
		_main
 This function uses a non-reentrant model


 *************** function _writeBit *****************
 Defined at:
		line 22 in file "main.c"
 Parameters:    Size  Location     Type
  _bit            1    wreg     unsigned char 
 Auto vars:     Size  Location     Type
  _bit            1    0[COMMON] unsigned char 
 Return value:  Size  Location     Type
                  1    wreg      void 
 Registers used:
		wreg
 Tracked objects:
		On entry : 
		On exit  : 
		Unchanged: 
 Data sizes:     COMMON   BANK0   BANK1   BANK2
      Params:         0       0       0       0
      Locals:         1       0       0       0
      Temps:          0       0       0       0
      Totals:         1       0       0       0
Total ram usage:        1 bytes
 Hardware stack levels used:    1
 This function calls:
		Nothing
 This function is called by:
		_writeNumber
 This function uses a non-reentrant model


 *************** function _addMinute *****************
 Defined at:
		line 30 in file "main.c"
 Parameters:    Size  Location     Type
		None
 Auto vars:     Size  Location     Type
		None
 Return value:  Size  Location     Type
                  1    wreg      void 
 Registers used:
		wreg, fsr0l, fsr0h, status,2, status,0, btemp+1, pclath, cstack
 Tracked objects:
		On entry : 
		On exit  : 
		Unchanged: 
 Data sizes:     COMMON   BANK0   BANK1   BANK2
      Params:         0       0       0       0
      Locals:         0       0       0       0
      Temps:          0       0       0       0
      Totals:         0       0       0       0
Total ram usage:        0 bytes
 Hardware stack levels used:    1
 Hardware stack levels required when called:    2
 This function calls:
		___eetoc
 This function is called by:
		_writeNumber
 This function uses a non-reentrant model


 *************** function ___eetoc *****************
 Defined at:
		line 104 in file "C:\Program Files (x86)\Microchip\xc8\v2.05\pic\sources\c90\pic\__eeprom.c"
 Parameters:    Size  Location     Type
  addr            1    wreg     PTR eeprom void 
		 -> timer0(1), 
 Auto vars:     Size  Location     Type
  addr            1    6[COMMON] PTR eeprom void 
		 -> timer0(1), 
  data            1    7[COMMON] unsigned char 
 Return value:  Size  Location     Type
                  1    wreg      unsigned char 
 Registers used:
		wreg, fsr0l, fsr0h, status,2, status,0, pclath, cstack
 Tracked objects:
		On entry : 
		On exit  : 
		Unchanged: 
 Data sizes:     COMMON   BANK0   BANK1   BANK2
      Params:         0       0       0       0
      Locals:         2       0       0       0
      Temps:          1       0       0       0
      Totals:         3       0       0       0
Total ram usage:        3 bytes
 Hardware stack levels used:    1
 Hardware stack levels required when called:    1
 This function calls:
		___eecpymem
 This function is called by:
		_addMinute
		_main
 This function uses a non-reentrant model


 *************** function ___eecpymem *****************
 Defined at:
		line 6 in file "C:\Program Files (x86)\Microchip\xc8\v2.05\pic\sources\c90\pic\__eeprom.c"
 Parameters:    Size  Location     Type
  to              1    wreg     PTR volatile unsigned ch
		 -> __eetofl@data(4), __eetoft@data(4), __eetoo@data(4), __eetol@data(4), 
		 -> __eetom@data(3), __eetoi@data(2), __eetoc@data(1), 
  from            1    0[COMMON] PTR eeprom unsigned char
		 -> timer0(1), 
  size            1    1[COMMON] unsigned char 
 Auto vars:     Size  Location     Type
  to              1    4[COMMON] PTR volatile unsigned ch
		 -> __eetofl@data(4), __eetoft@data(4), __eetoo@data(4), __eetol@data(4), 
		 -> __eetom@data(3), __eetoi@data(2), __eetoc@data(1), 
  cp              1    3[COMMON] PTR volatile unsigned ch
		 -> __eetofl@data(4), __eetoft@data(4), __eetoo@data(4), __eetol@data(4), 
		 -> __eetom@data(3), __eetoi@data(2), __eetoc@data(1), 
 Return value:  Size  Location     Type
                  1    wreg      void 
 Registers used:
		wreg, fsr0l, fsr0h, status,2, status,0
 Tracked objects:
		On entry : 
		On exit  : 
		Unchanged: 
 Data sizes:     COMMON   BANK0   BANK1   BANK2
      Params:         2       0       0       0
      Locals:         2       0       0       0
      Temps:          1       0       0       0
      Totals:         5       0       0       0
Total ram usage:        5 bytes
 Hardware stack levels used:    1
 This function calls:
		Nothing
 This function is called by:
		___eetoc
 This function uses a non-reentrant model



MODULE INFORMATION

Module		Function		Class		Link	Load	Size
C:\Program Files (x86)\Microchip\xc8\v2.05\pic\sources\c90\pic\__eeprom.c
		___eetoc       		CODE           	05D8	0000	12
		___eecpymem    		CODE           	05F3	0000	39

C:\Program Files (x86)\Microchip\xc8\v2.05\pic\sources\c90\pic\__eeprom.c estimated size: 51

shared
		__initialization		CODE           	07FC	0000	3

shared estimated size: 3

main.c
		_writeNumber   		CODE           	070C	0000	241
		_main          		CODE           	0619	0000	91
		_addMinute     		CODE           	0673	0000	154
		_writeBit      		CODE           	05E3	0000	17

main.c estimated size: 503

